// Jest Snapshot v1, https://goo.gl/fbAQLP

exports[`test that App renders consistently matches a snapshot 1`] = `
<div
  className="App"
>
  <div>
    <p>
      Hello
    </p>
    <button
      data-testid="counter-button"
      onClick={[Function]}
    >
      0
    </button>
  </div>
</div>
`;
